// Jest Snapshot v1, https://goo.gl/fbAQLP

exports[`Jest Snapshot testing suite Matches DOM Snapshot 1`] = `
<DocumentFragment>
  <div
    class="custom-home__header"
  >
    Hello Digital Evidence Archive on AWS!
    <button
      class="primaryButton"
    >
      Go to dashboard
    </button>
  </div>
</DocumentFragment>
`;
