// Jest Snapshot v1, https://goo.gl/fbAQLP

exports[`DeaBackendStack synthesizes the way we expect 1`] = `
Object {
  "Outputs": Object {
    "APIGatewayAPIEndpoint67A1C4AD": Object {
      "Value": Object {
        "Fn::Join": Array [
          "",
          Array [
            "https://",
            Object {
              "Ref": "APIGatewayAPI321F7D19",
            },
            ".execute-api.",
            Object {
              "Ref": "AWS::Region",
            },
            ".",
            Object {
              "Ref": "AWS::URLSuffix",
            },
            "/",
            Object {
              "Ref": "APIGatewayAPIDeploymentStagedev3D4E02C9",
            },
            "/",
          ],
        ],
      },
    },
    "apiUrlOutput": Object {
      "Value": Object {
        "Fn::Join": Array [
          "",
          Array [
            "https://",
            Object {
              "Ref": "APIGatewayAPI321F7D19",
            },
            ".execute-api.",
            Object {
              "Ref": "AWS::Region",
            },
            ".",
            Object {
              "Ref": "AWS::URLSuffix",
            },
            "/",
            Object {
              "Ref": "APIGatewayAPIDeploymentStagedev3D4E02C9",
            },
            "/",
          ],
        ],
      },
    },
  },
  "Parameters": Object {
    "BootstrapVersion": Object {
      "Default": "/cdk-bootstrap/hnb659fds/version",
      "Description": "Version of the CDK Bootstrap resources in this environment, automatically retrieved from SSM Parameter Store. [cdk:skip]",
      "Type": "AWS::SSM::Parameter::Value<String>",
    },
  },
  "Resources": Object {
    "APIGatewayAPI321F7D19": Object {
      "Properties": Object {
        "Description": "Backend API",
        "Name": "Backend API Name",
      },
      "Type": "AWS::ApiGateway::RestApi",
    },
    "APIGatewayAPIANYAB270493": Object {
      "Properties": Object {
        "AuthorizationType": "NONE",
        "HttpMethod": "ANY",
        "Integration": Object {
          "Type": "MOCK",
        },
        "ResourceId": Object {
          "Fn::GetAtt": Array [
            "APIGatewayAPI321F7D19",
            "RootResourceId",
          ],
        },
        "RestApiId": Object {
          "Ref": "APIGatewayAPI321F7D19",
        },
      },
      "Type": "AWS::ApiGateway::Method",
    },
    "APIGatewayAPIAccount789DB935": Object {
      "DependsOn": Array [
        "APIGatewayAPI321F7D19",
      ],
      "Properties": Object {
        "CloudWatchRoleArn": Object {
          "Fn::GetAtt": Array [
            "APIGatewayAPICloudWatchRole04468EC8",
            "Arn",
          ],
        },
      },
      "Type": "AWS::ApiGateway::Account",
    },
    "APIGatewayAPICloudWatchRole04468EC8": Object {
      "Properties": Object {
        "AssumeRolePolicyDocument": Object {
          "Statement": Array [
            Object {
              "Action": "sts:AssumeRole",
              "Effect": "Allow",
              "Principal": Object {
                "Service": "apigateway.amazonaws.com",
              },
            },
          ],
          "Version": "2012-10-17",
        },
        "ManagedPolicyArns": Array [
          Object {
            "Fn::Join": Array [
              "",
              Array [
                "arn:",
                Object {
                  "Ref": "AWS::Partition",
                },
                ":iam::aws:policy/service-role/AmazonAPIGatewayPushToCloudWatchLogs",
              ],
            ],
          },
        ],
      },
      "Type": "AWS::IAM::Role",
    },
    "APIGatewayAPIDeploymentCABB9A2Bcf93a207b42b24c27a70d2687223d29d": Object {
      "DependsOn": Array [
        "APIGatewayAPIproxyANYDB3CFBD0",
        "APIGatewayAPIproxy6CE33476",
        "APIGatewayAPIANYAB270493",
      ],
      "Properties": Object {
        "Description": "Automatically created by the RestApi construct",
        "RestApiId": Object {
          "Ref": "APIGatewayAPI321F7D19",
        },
      },
      "Type": "AWS::ApiGateway::Deployment",
    },
    "APIGatewayAPIDeploymentStagedev3D4E02C9": Object {
      "DependsOn": Array [
        "APIGatewayAPIAccount789DB935",
      ],
      "Properties": Object {
        "AccessLogSetting": Object {
          "DestinationArn": Object {
            "Fn::GetAtt": Array [
              "APIGatewayAccessLogsC4B63309",
              "Arn",
            ],
          },
          "Format": "{\\"stage\\":\\"$context.stage\\",\\"requestId\\":\\"$context.requestId\\",\\"integrationRequestId\\":\\"$context.integration.requestId\\",\\"status\\":\\"$context.status\\",\\"apiId\\":\\"$context.apiId\\",\\"resourcePath\\":\\"$context.resourcePath\\",\\"path\\":\\"$context.path\\",\\"resourceId\\":\\"$context.resourceId\\",\\"httpMethod\\":\\"$context.httpMethod\\",\\"sourceIp\\":\\"$context.identity.sourceIp\\",\\"userAgent\\":\\"$context.identity.userAgent\\"}",
        },
        "DeploymentId": Object {
          "Ref": "APIGatewayAPIDeploymentCABB9A2Bcf93a207b42b24c27a70d2687223d29d",
        },
        "RestApiId": Object {
          "Ref": "APIGatewayAPI321F7D19",
        },
        "StageName": "dev",
      },
      "Type": "AWS::ApiGateway::Stage",
    },
    "APIGatewayAPIproxy6CE33476": Object {
      "Properties": Object {
        "ParentId": Object {
          "Fn::GetAtt": Array [
            "APIGatewayAPI321F7D19",
            "RootResourceId",
          ],
        },
        "PathPart": "{proxy+}",
        "RestApiId": Object {
          "Ref": "APIGatewayAPI321F7D19",
        },
      },
      "Type": "AWS::ApiGateway::Resource",
    },
    "APIGatewayAPIproxyANYApiPermissionDeaBackendStackAPIGatewayAPI080A2E57ANYproxy9615C505": Object {
      "Properties": Object {
        "Action": "lambda:InvokeFunction",
        "FunctionName": Object {
          "Ref": "LiveAlias9B8FFEA9",
        },
        "Principal": "apigateway.amazonaws.com",
        "SourceArn": Object {
          "Fn::Join": Array [
            "",
            Array [
              "arn:",
              Object {
                "Ref": "AWS::Partition",
              },
              ":execute-api:",
              Object {
                "Ref": "AWS::Region",
              },
              ":",
              Object {
                "Ref": "AWS::AccountId",
              },
              ":",
              Object {
                "Ref": "APIGatewayAPI321F7D19",
              },
              "/",
              Object {
                "Ref": "APIGatewayAPIDeploymentStagedev3D4E02C9",
              },
              "/*/*",
            ],
          ],
        },
      },
      "Type": "AWS::Lambda::Permission",
    },
    "APIGatewayAPIproxyANYApiPermissionTestDeaBackendStackAPIGatewayAPI080A2E57ANYproxy25A5F3BD": Object {
      "Properties": Object {
        "Action": "lambda:InvokeFunction",
        "FunctionName": Object {
          "Ref": "LiveAlias9B8FFEA9",
        },
        "Principal": "apigateway.amazonaws.com",
        "SourceArn": Object {
          "Fn::Join": Array [
            "",
            Array [
              "arn:",
              Object {
                "Ref": "AWS::Partition",
              },
              ":execute-api:",
              Object {
                "Ref": "AWS::Region",
              },
              ":",
              Object {
                "Ref": "AWS::AccountId",
              },
              ":",
              Object {
                "Ref": "APIGatewayAPI321F7D19",
              },
              "/test-invoke-stage/*/*",
            ],
          ],
        },
      },
      "Type": "AWS::Lambda::Permission",
    },
    "APIGatewayAPIproxyANYDB3CFBD0": Object {
      "Properties": Object {
        "AuthorizationType": "NONE",
        "HttpMethod": "ANY",
        "Integration": Object {
          "IntegrationHttpMethod": "POST",
          "Type": "AWS_PROXY",
          "Uri": Object {
            "Fn::Join": Array [
              "",
              Array [
                "arn:",
                Object {
                  "Ref": "AWS::Partition",
                },
                ":apigateway:",
                Object {
                  "Ref": "AWS::Region",
                },
                ":lambda:path/2015-03-31/functions/",
                Object {
                  "Ref": "LiveAlias9B8FFEA9",
                },
                "/invocations",
              ],
            ],
          },
        },
        "ResourceId": Object {
          "Ref": "APIGatewayAPIproxy6CE33476",
        },
        "RestApiId": Object {
          "Ref": "APIGatewayAPI321F7D19",
        },
      },
      "Type": "AWS::ApiGateway::Method",
    },
    "APIGatewayAccessLogsC4B63309": Object {
      "DeletionPolicy": "Retain",
      "Properties": Object {
        "RetentionInDays": 731,
      },
      "Type": "AWS::Logs::LogGroup",
      "UpdateReplacePolicy": "Retain",
    },
    "LiveAlias9B8FFEA9": Object {
      "Properties": Object {
        "FunctionName": Object {
          "Ref": "deaapphandler5A2E0A8F",
        },
        "FunctionVersion": Object {
          "Fn::GetAtt": Array [
            "deaapphandlerCurrentVersion3921518A14155ec187373f9931cef63cab2e1331",
            "Version",
          ],
        },
        "Name": "live",
        "ProvisionedConcurrencyConfig": Object {
          "ProvisionedConcurrentExecutions": 1,
        },
      },
      "Type": "AWS::Lambda::Alias",
    },
    "deaapphandler5A2E0A8F": Object {
      "DependsOn": Array [
        "deaapphandlerServiceRoleF4D7863A",
      ],
      "Properties": Object {
        "Code": Object {
          "S3Bucket": Object {
            "Fn::Sub": "cdk-hnb659fds-assets-\${AWS::AccountId}-\${AWS::Region}",
          },
          "S3Key": "b06c041e17e970820416a547e4a17e621c794bc601d76365ac805aca8f822c92.zip",
        },
        "Environment": Object {
          "Variables": Object {
            "AWS_NODEJS_CONNECTION_REUSE_ENABLED": "1",
          },
        },
        "Handler": "index.handler",
        "MemorySize": 512,
        "Role": Object {
          "Fn::GetAtt": Array [
            "deaapphandlerServiceRoleF4D7863A",
            "Arn",
          ],
        },
        "Runtime": "nodejs16.x",
        "Timeout": 180,
      },
      "Type": "AWS::Lambda::Function",
    },
    "deaapphandlerCurrentVersion3921518A14155ec187373f9931cef63cab2e1331": Object {
      "Properties": Object {
        "FunctionName": Object {
          "Ref": "deaapphandler5A2E0A8F",
        },
      },
      "Type": "AWS::Lambda::Version",
    },
    "deaapphandlerServiceRoleF4D7863A": Object {
      "Properties": Object {
        "AssumeRolePolicyDocument": Object {
          "Statement": Array [
            Object {
              "Action": "sts:AssumeRole",
              "Effect": "Allow",
              "Principal": Object {
                "Service": "lambda.amazonaws.com",
              },
            },
          ],
          "Version": "2012-10-17",
        },
        "ManagedPolicyArns": Array [
          Object {
            "Fn::Join": Array [
              "",
              Array [
                "arn:",
                Object {
                  "Ref": "AWS::Partition",
                },
                ":iam::aws:policy/service-role/AWSLambdaBasicExecutionRole",
              ],
            ],
          },
        ],
      },
      "Type": "AWS::IAM::Role",
    },
  },
  "Rules": Object {
    "CheckBootstrapVersion": Object {
      "Assertions": Array [
        Object {
          "Assert": Object {
            "Fn::Not": Array [
              Object {
                "Fn::Contains": Array [
                  Array [
                    "1",
                    "2",
                    "3",
                    "4",
                    "5",
                  ],
                  Object {
                    "Ref": "BootstrapVersion",
                  },
                ],
              },
            ],
          },
          "AssertDescription": "CDK bootstrap stack version 6 required. Please run 'cdk bootstrap' with a recent version of the CDK CLI.",
        },
      ],
    },
  },
}
`;
