// Jest Snapshot v1, https://goo.gl/fbAQLP

exports[`DeaBackend constructs synthesizes the way we expect 1`] = `
Object {
  "Outputs": Object {
    "DeaRestApiConstructdeaApiUrlOutput2CFCF9D0": Object {
      "Export": Object {
        "Name": "deaApiUrl",
      },
      "Value": Object {
        "Fn::Join": Array [
          "",
          Array [
            "https://",
            Object {
              "Ref": "DeaRestApiConstructdeaapi6587DDA1",
            },
            ".execute-api.",
            Object {
              "Ref": "AWS::Region",
            },
            ".",
            Object {
              "Ref": "AWS::URLSuffix",
            },
            "/",
            Object {
              "Ref": "DeaRestApiConstructdeaapiDeploymentStagedevC806CC04",
            },
            "/",
          ],
        ],
      },
    },
    "DeaRestApiConstructdeaapiEndpoint5DCD0FC9": Object {
      "Value": Object {
        "Fn::Join": Array [
          "",
          Array [
            "https://",
            Object {
              "Ref": "DeaRestApiConstructdeaapi6587DDA1",
            },
            ".execute-api.",
            Object {
              "Ref": "AWS::Region",
            },
            ".",
            Object {
              "Ref": "AWS::URLSuffix",
            },
            "/",
            Object {
              "Ref": "DeaRestApiConstructdeaapiDeploymentStagedevC806CC04",
            },
            "/",
          ],
        ],
      },
    },
  },
  "Parameters": Object {
    "BootstrapVersion": Object {
      "Default": "/cdk-bootstrap/hnb659fds/version",
      "Description": "Version of the CDK Bootstrap resources in this environment, automatically retrieved from SSM Parameter Store. [cdk:skip]",
      "Type": "AWS::SSM::Parameter::Value<String>",
    },
  },
  "Resources": Object {
    "DeaBackendStackDeaTableE9FE4A05": Object {
      "DeletionPolicy": "Delete",
      "Metadata": Object {
        "cfn_nag": Object {
          "rules_to_suppress": Array [
            Object {
              "id": "W28",
              "reason": "Table requires an explicit name to be referenced by Onetable",
            },
          ],
        },
      },
      "Properties": Object {
        "AttributeDefinitions": Array [
          Object {
            "AttributeName": "PK",
            "AttributeType": "S",
          },
          Object {
            "AttributeName": "SK",
            "AttributeType": "S",
          },
          Object {
            "AttributeName": "GSI1PK",
            "AttributeType": "S",
          },
          Object {
            "AttributeName": "GSI1SK",
            "AttributeType": "S",
          },
          Object {
            "AttributeName": "GSI2PK",
            "AttributeType": "S",
          },
          Object {
            "AttributeName": "GSI2SK",
            "AttributeType": "S",
          },
        ],
        "BillingMode": "PAY_PER_REQUEST",
        "GlobalSecondaryIndexes": Array [
          Object {
            "IndexName": "GSI1",
            "KeySchema": Array [
              Object {
                "AttributeName": "GSI1PK",
                "KeyType": "HASH",
              },
              Object {
                "AttributeName": "GSI1SK",
                "KeyType": "RANGE",
              },
            ],
            "Projection": Object {
              "ProjectionType": "ALL",
            },
          },
          Object {
            "IndexName": "GSI2",
            "KeySchema": Array [
              Object {
                "AttributeName": "GSI2PK",
                "KeyType": "HASH",
              },
              Object {
                "AttributeName": "GSI2SK",
                "KeyType": "RANGE",
              },
            ],
            "Projection": Object {
              "ProjectionType": "ALL",
            },
          },
        ],
        "KeySchema": Array [
          Object {
            "AttributeName": "PK",
            "KeyType": "HASH",
          },
          Object {
            "AttributeName": "SK",
            "KeyType": "RANGE",
          },
        ],
        "PointInTimeRecoverySpecification": Object {
          "PointInTimeRecoveryEnabled": true,
        },
        "SSESpecification": Object {
          "KMSMasterKeyId": Object {
            "Fn::GetAtt": Array [
              "testKey1CDDDD5E",
              "Arn",
            ],
          },
          "SSEEnabled": true,
          "SSEType": "KMS",
        },
        "TableName": "DeaTable",
      },
      "Type": "AWS::DynamoDB::Table",
      "UpdateReplacePolicy": "Delete",
    },
    "DeaRestApiConstructAPIGatewayAccessLogs56D13F5D": Object {
      "DeletionPolicy": "Retain",
      "Properties": Object {
        "KmsKeyId": Object {
          "Fn::GetAtt": Array [
            "testKey1CDDDD5E",
            "Arn",
          ],
        },
        "RetentionInDays": 731,
      },
      "Type": "AWS::Logs::LogGroup",
      "UpdateReplacePolicy": "Retain",
    },
    "DeaRestApiConstructCustomTokenAuthorizer1525075A": Object {
      "Properties": Object {
        "AuthorizerResultTtlInSeconds": 0,
        "AuthorizerUri": Object {
          "Fn::Join": Array [
            "",
            Array [
              "arn:",
              Object {
                "Fn::Select": Array [
                  1,
                  Object {
                    "Fn::Split": Array [
                      ":",
                      Object {
                        "Fn::GetAtt": Array [
                          "DeaRestApiConstructCustomTokenAuthorizerLambda13589335",
                          "Arn",
                        ],
                      },
                    ],
                  },
                ],
              },
              ":apigateway:",
              Object {
                "Fn::Select": Array [
                  3,
                  Object {
                    "Fn::Split": Array [
                      ":",
                      Object {
                        "Fn::GetAtt": Array [
                          "DeaRestApiConstructCustomTokenAuthorizerLambda13589335",
                          "Arn",
                        ],
                      },
                    ],
                  },
                ],
              },
              ":lambda:path/2015-03-31/functions/",
              Object {
                "Fn::GetAtt": Array [
                  "DeaRestApiConstructCustomTokenAuthorizerLambda13589335",
                  "Arn",
                ],
              },
              "/invocations",
            ],
          ],
        },
        "IdentitySource": "method.request.header.Authorization",
        "Name": "teststackDeaRestApiConstructCustomTokenAuthorizer4C93C9B6",
        "RestApiId": Object {
          "Ref": "DeaRestApiConstructdeaapi6587DDA1",
        },
        "Type": "TOKEN",
      },
      "Type": "AWS::ApiGateway::Authorizer",
    },
    "DeaRestApiConstructCustomTokenAuthorizerLambda13589335": Object {
      "DependsOn": Array [
        "DeaRestApiConstructdeabaselambdaroleDefaultPolicy8449FBB9",
        "DeaRestApiConstructdeabaselambdarole9EA2B06B",
      ],
      "Metadata": Object {
        "cfn_nag": Object {
          "rules_to_suppress": Array [
            Object {
              "id": "W58",
              "reason": "AWSCustomResource Lambda Function has AWSLambdaBasicExecutionRole policy attached which has the required permission to write to Cloudwatch Logs",
            },
            Object {
              "id": "W92",
              "reason": "Reserved concurrency is currently not required. Revisit in the future",
            },
            Object {
              "id": "W89",
              "reason": "The serverless application lens (https://docs.aws.amazon.com/wellarchitected/latest/serverless-applications-lens/aws-lambda.html)               indicates lambdas should not be deployed in private VPCs unless they require acces to resources also within a VPC",
            },
          ],
        },
      },
      "Properties": Object {
        "Code": Object {
          "S3Bucket": Object {
            "Fn::Sub": "cdk-hnb659fds-assets-\${AWS::AccountId}-\${AWS::Region}",
          },
          "S3Key": "[HASH REMOVED].zip",
        },
        "Environment": Object {
          "Variables": Object {
            "AWS_NODEJS_CONNECTION_REUSE_ENABLED": "1",
            "NODE_OPTIONS": "--enable-source-maps",
          },
        },
        "Handler": "index.handler",
        "MemorySize": 512,
        "Role": Object {
          "Fn::GetAtt": Array [
            "DeaRestApiConstructdeabaselambdarole9EA2B06B",
            "Arn",
          ],
        },
        "Runtime": "nodejs18.x",
        "Timeout": 30,
      },
      "Type": "AWS::Lambda::Function",
    },
    "DeaRestApiConstructCustomTokenAuthorizerLambdateststackDeaRestApiConstructCustomTokenAuthorizer4C93C9B6Permissions39D4CBE1": Object {
      "Properties": Object {
        "Action": "lambda:InvokeFunction",
        "FunctionName": Object {
          "Fn::GetAtt": Array [
            "DeaRestApiConstructCustomTokenAuthorizerLambda13589335",
            "Arn",
          ],
        },
        "Principal": "apigateway.amazonaws.com",
        "SourceArn": Object {
          "Fn::Join": Array [
            "",
            Array [
              "arn:",
              Object {
                "Ref": "AWS::Partition",
              },
              ":execute-api:",
              Object {
                "Ref": "AWS::Region",
              },
              ":",
              Object {
                "Ref": "AWS::AccountId",
              },
              ":",
              Object {
                "Ref": "DeaRestApiConstructdeaapi6587DDA1",
              },
              "/authorizers/",
              Object {
                "Ref": "DeaRestApiConstructCustomTokenAuthorizer1525075A",
              },
            ],
          ],
        },
      },
      "Type": "AWS::Lambda::Permission",
    },
    "DeaRestApiConstructDELETEcaseIdE0E7560F": Object {
      "DependsOn": Array [
        "DeaRestApiConstructdeabaselambdaroleDefaultPolicy8449FBB9",
        "DeaRestApiConstructdeabaselambdarole9EA2B06B",
      ],
      "Metadata": Object {
        "cfn_nag": Object {
          "rules_to_suppress": Array [
            Object {
              "id": "W58",
              "reason": "AWSCustomResource Lambda Function has AWSLambdaBasicExecutionRole policy attached which has the required permission to write to Cloudwatch Logs",
            },
            Object {
              "id": "W92",
              "reason": "Reserved concurrency is currently not required. Revisit in the future",
            },
            Object {
              "id": "W89",
              "reason": "The serverless application lens (https://docs.aws.amazon.com/wellarchitected/latest/serverless-applications-lens/aws-lambda.html)               indicates lambdas should not be deployed in private VPCs unless they require acces to resources also within a VPC",
            },
          ],
        },
      },
      "Properties": Object {
        "Code": Object {
          "S3Bucket": Object {
            "Fn::Sub": "cdk-hnb659fds-assets-\${AWS::AccountId}-\${AWS::Region}",
          },
          "S3Key": "[HASH REMOVED].zip",
        },
        "Environment": Object {
          "Variables": Object {
            "AWS_NODEJS_CONNECTION_REUSE_ENABLED": "1",
            "NODE_OPTIONS": "--enable-source-maps",
          },
        },
        "Handler": "index.handler",
        "MemorySize": 512,
        "Role": Object {
          "Fn::GetAtt": Array [
            "DeaRestApiConstructdeabaselambdarole9EA2B06B",
            "Arn",
          ],
        },
        "Runtime": "nodejs18.x",
        "Timeout": 30,
      },
      "Type": "AWS::Lambda::Function",
    },
    "DeaRestApiConstructGETbyeD5063377": Object {
      "DependsOn": Array [
        "DeaRestApiConstructdeabaselambdaroleDefaultPolicy8449FBB9",
        "DeaRestApiConstructdeabaselambdarole9EA2B06B",
      ],
      "Metadata": Object {
        "cfn_nag": Object {
          "rules_to_suppress": Array [
            Object {
              "id": "W58",
              "reason": "AWSCustomResource Lambda Function has AWSLambdaBasicExecutionRole policy attached which has the required permission to write to Cloudwatch Logs",
            },
            Object {
              "id": "W92",
              "reason": "Reserved concurrency is currently not required. Revisit in the future",
            },
            Object {
              "id": "W89",
              "reason": "The serverless application lens (https://docs.aws.amazon.com/wellarchitected/latest/serverless-applications-lens/aws-lambda.html)               indicates lambdas should not be deployed in private VPCs unless they require acces to resources also within a VPC",
            },
          ],
        },
      },
      "Properties": Object {
        "Code": Object {
          "S3Bucket": Object {
            "Fn::Sub": "cdk-hnb659fds-assets-\${AWS::AccountId}-\${AWS::Region}",
          },
          "S3Key": "[HASH REMOVED].zip",
        },
        "Environment": Object {
          "Variables": Object {
            "AWS_NODEJS_CONNECTION_REUSE_ENABLED": "1",
            "NODE_OPTIONS": "--enable-source-maps",
          },
        },
        "Handler": "index.handler",
        "MemorySize": 512,
        "Role": Object {
          "Fn::GetAtt": Array [
            "DeaRestApiConstructdeabaselambdarole9EA2B06B",
            "Arn",
          ],
        },
        "Runtime": "nodejs18.x",
        "Timeout": 30,
      },
      "Type": "AWS::Lambda::Function",
    },
    "DeaRestApiConstructGETcases055F507D": Object {
      "DependsOn": Array [
        "DeaRestApiConstructdeabaselambdaroleDefaultPolicy8449FBB9",
        "DeaRestApiConstructdeabaselambdarole9EA2B06B",
      ],
      "Metadata": Object {
        "cfn_nag": Object {
          "rules_to_suppress": Array [
            Object {
              "id": "W58",
              "reason": "AWSCustomResource Lambda Function has AWSLambdaBasicExecutionRole policy attached which has the required permission to write to Cloudwatch Logs",
            },
            Object {
              "id": "W92",
              "reason": "Reserved concurrency is currently not required. Revisit in the future",
            },
            Object {
              "id": "W89",
              "reason": "The serverless application lens (https://docs.aws.amazon.com/wellarchitected/latest/serverless-applications-lens/aws-lambda.html)               indicates lambdas should not be deployed in private VPCs unless they require acces to resources also within a VPC",
            },
          ],
        },
      },
      "Properties": Object {
        "Code": Object {
          "S3Bucket": Object {
            "Fn::Sub": "cdk-hnb659fds-assets-\${AWS::AccountId}-\${AWS::Region}",
          },
          "S3Key": "[HASH REMOVED].zip",
        },
        "Environment": Object {
          "Variables": Object {
            "AWS_NODEJS_CONNECTION_REUSE_ENABLED": "1",
            "NODE_OPTIONS": "--enable-source-maps",
          },
        },
        "Handler": "index.handler",
        "MemorySize": 512,
        "Role": Object {
          "Fn::GetAtt": Array [
            "DeaRestApiConstructdeabaselambdarole9EA2B06B",
            "Arn",
          ],
        },
        "Runtime": "nodejs18.x",
        "Timeout": 30,
      },
      "Type": "AWS::Lambda::Function",
    },
    "DeaRestApiConstructGEThi76A71F55": Object {
      "DependsOn": Array [
        "DeaRestApiConstructdeabaselambdaroleDefaultPolicy8449FBB9",
        "DeaRestApiConstructdeabaselambdarole9EA2B06B",
      ],
      "Metadata": Object {
        "cfn_nag": Object {
          "rules_to_suppress": Array [
            Object {
              "id": "W58",
              "reason": "AWSCustomResource Lambda Function has AWSLambdaBasicExecutionRole policy attached which has the required permission to write to Cloudwatch Logs",
            },
            Object {
              "id": "W92",
              "reason": "Reserved concurrency is currently not required. Revisit in the future",
            },
            Object {
              "id": "W89",
              "reason": "The serverless application lens (https://docs.aws.amazon.com/wellarchitected/latest/serverless-applications-lens/aws-lambda.html)               indicates lambdas should not be deployed in private VPCs unless they require acces to resources also within a VPC",
            },
          ],
        },
      },
      "Properties": Object {
        "Code": Object {
          "S3Bucket": Object {
            "Fn::Sub": "cdk-hnb659fds-assets-\${AWS::AccountId}-\${AWS::Region}",
          },
          "S3Key": "[HASH REMOVED].zip",
        },
        "Environment": Object {
          "Variables": Object {
            "AWS_NODEJS_CONNECTION_REUSE_ENABLED": "1",
            "NODE_OPTIONS": "--enable-source-maps",
          },
        },
        "Handler": "index.handler",
        "MemorySize": 512,
        "Role": Object {
          "Fn::GetAtt": Array [
            "DeaRestApiConstructdeabaselambdarole9EA2B06B",
            "Arn",
          ],
        },
        "Runtime": "nodejs18.x",
        "Timeout": 30,
      },
      "Type": "AWS::Lambda::Function",
    },
    "DeaRestApiConstructPOSTcases71FC396B": Object {
      "DependsOn": Array [
        "DeaRestApiConstructdeabaselambdaroleDefaultPolicy8449FBB9",
        "DeaRestApiConstructdeabaselambdarole9EA2B06B",
      ],
      "Metadata": Object {
        "cfn_nag": Object {
          "rules_to_suppress": Array [
            Object {
              "id": "W58",
              "reason": "AWSCustomResource Lambda Function has AWSLambdaBasicExecutionRole policy attached which has the required permission to write to Cloudwatch Logs",
            },
            Object {
              "id": "W92",
              "reason": "Reserved concurrency is currently not required. Revisit in the future",
            },
            Object {
              "id": "W89",
              "reason": "The serverless application lens (https://docs.aws.amazon.com/wellarchitected/latest/serverless-applications-lens/aws-lambda.html)               indicates lambdas should not be deployed in private VPCs unless they require acces to resources also within a VPC",
            },
          ],
        },
      },
      "Properties": Object {
        "Code": Object {
          "S3Bucket": Object {
            "Fn::Sub": "cdk-hnb659fds-assets-\${AWS::AccountId}-\${AWS::Region}",
          },
          "S3Key": "[HASH REMOVED].zip",
        },
        "Environment": Object {
          "Variables": Object {
            "AWS_NODEJS_CONNECTION_REUSE_ENABLED": "1",
            "NODE_OPTIONS": "--enable-source-maps",
          },
        },
        "Handler": "index.handler",
        "MemorySize": 512,
        "Role": Object {
          "Fn::GetAtt": Array [
            "DeaRestApiConstructdeabaselambdarole9EA2B06B",
            "Arn",
          ],
        },
        "Runtime": "nodejs18.x",
        "Timeout": 30,
      },
      "Type": "AWS::Lambda::Function",
    },
    "DeaRestApiConstructPOSTuserMembershipsA9A79B32": Object {
      "DependsOn": Array [
        "DeaRestApiConstructdeabaselambdaroleDefaultPolicy8449FBB9",
        "DeaRestApiConstructdeabaselambdarole9EA2B06B",
      ],
      "Metadata": Object {
        "cfn_nag": Object {
          "rules_to_suppress": Array [
            Object {
              "id": "W58",
              "reason": "AWSCustomResource Lambda Function has AWSLambdaBasicExecutionRole policy attached which has the required permission to write to Cloudwatch Logs",
            },
            Object {
              "id": "W92",
              "reason": "Reserved concurrency is currently not required. Revisit in the future",
            },
            Object {
              "id": "W89",
              "reason": "The serverless application lens (https://docs.aws.amazon.com/wellarchitected/latest/serverless-applications-lens/aws-lambda.html)               indicates lambdas should not be deployed in private VPCs unless they require acces to resources also within a VPC",
            },
          ],
        },
      },
      "Properties": Object {
        "Code": Object {
          "S3Bucket": Object {
            "Fn::Sub": "cdk-hnb659fds-assets-\${AWS::AccountId}-\${AWS::Region}",
          },
          "S3Key": "[HASH REMOVED].zip",
        },
        "Environment": Object {
          "Variables": Object {
            "AWS_NODEJS_CONNECTION_REUSE_ENABLED": "1",
            "NODE_OPTIONS": "--enable-source-maps",
          },
        },
        "Handler": "index.handler",
        "MemorySize": 512,
        "Role": Object {
          "Fn::GetAtt": Array [
            "DeaRestApiConstructdeabaselambdarole9EA2B06B",
            "Arn",
          ],
        },
        "Runtime": "nodejs18.x",
        "Timeout": 30,
      },
      "Type": "AWS::Lambda::Function",
    },
    "DeaRestApiConstructPUTcaseId804DFA77": Object {
      "DependsOn": Array [
        "DeaRestApiConstructdeabaselambdaroleDefaultPolicy8449FBB9",
        "DeaRestApiConstructdeabaselambdarole9EA2B06B",
      ],
      "Metadata": Object {
        "cfn_nag": Object {
          "rules_to_suppress": Array [
            Object {
              "id": "W58",
              "reason": "AWSCustomResource Lambda Function has AWSLambdaBasicExecutionRole policy attached which has the required permission to write to Cloudwatch Logs",
            },
            Object {
              "id": "W92",
              "reason": "Reserved concurrency is currently not required. Revisit in the future",
            },
            Object {
              "id": "W89",
              "reason": "The serverless application lens (https://docs.aws.amazon.com/wellarchitected/latest/serverless-applications-lens/aws-lambda.html)               indicates lambdas should not be deployed in private VPCs unless they require acces to resources also within a VPC",
            },
          ],
        },
      },
      "Properties": Object {
        "Code": Object {
          "S3Bucket": Object {
            "Fn::Sub": "cdk-hnb659fds-assets-\${AWS::AccountId}-\${AWS::Region}",
          },
          "S3Key": "[HASH REMOVED].zip",
        },
        "Environment": Object {
          "Variables": Object {
            "AWS_NODEJS_CONNECTION_REUSE_ENABLED": "1",
            "NODE_OPTIONS": "--enable-source-maps",
          },
        },
        "Handler": "index.handler",
        "MemorySize": 512,
        "Role": Object {
          "Fn::GetAtt": Array [
            "DeaRestApiConstructdeabaselambdarole9EA2B06B",
            "Arn",
          ],
        },
        "Runtime": "nodejs18.x",
        "Timeout": 30,
      },
      "Type": "AWS::Lambda::Function",
    },
    "DeaRestApiConstructdeaapi6587DDA1": Object {
      "Properties": Object {
        "Description": "Backend API",
        "Name": "dea-api",
      },
      "Type": "AWS::ApiGateway::RestApi",
    },
    "DeaRestApiConstructdeaapiAccount1E82C2B3": Object {
      "DeletionPolicy": "Retain",
      "DependsOn": Array [
        "DeaRestApiConstructdeaapi6587DDA1",
      ],
      "Properties": Object {
        "CloudWatchRoleArn": Object {
          "Fn::GetAtt": Array [
            "DeaRestApiConstructdeaapiCloudWatchRole49932FD9",
            "Arn",
          ],
        },
      },
      "Type": "AWS::ApiGateway::Account",
      "UpdateReplacePolicy": "Retain",
    },
    "DeaRestApiConstructdeaapiCloudWatchRole49932FD9": Object {
      "DeletionPolicy": "Retain",
      "Properties": Object {
        "AssumeRolePolicyDocument": Object {
          "Statement": Array [
            Object {
              "Action": "sts:AssumeRole",
              "Effect": "Allow",
              "Principal": Object {
                "Service": "apigateway.amazonaws.com",
              },
            },
          ],
          "Version": "2012-10-17",
        },
        "ManagedPolicyArns": Array [
          Object {
            "Fn::Join": Array [
              "",
              Array [
                "arn:",
                Object {
                  "Ref": "AWS::Partition",
                },
                ":iam::aws:policy/service-role/AmazonAPIGatewayPushToCloudWatchLogs",
              ],
            ],
          },
        ],
      },
      "Type": "AWS::IAM::Role",
      "UpdateReplacePolicy": "Retain",
    },
    "DeaRestApiConstructdeaapiDEAUsagePlanBC29ADF7": Object {
      "Properties": Object {
        "ApiStages": Array [
          Object {
            "ApiId": Object {
              "Ref": "DeaRestApiConstructdeaapi6587DDA1",
            },
            "Stage": Object {
              "Ref": "DeaRestApiConstructdeaapiDeploymentStagedevC806CC04",
            },
            "Throttle": Object {},
          },
        ],
        "Throttle": Object {
          "BurstLimit": 50,
          "RateLimit": 25,
        },
        "UsagePlanName": "dea-usage-plan",
      },
      "Type": "AWS::ApiGateway::UsagePlan",
    },
    "DeaRestApiConstructdeaapiDeploymentC27C6CB10272f986b488d620afc8118c6ab10f45": Object {
      "DependsOn": Array [
        "DeaRestApiConstructdeaapibyeGET3BEB4A0A",
        "DeaRestApiConstructdeaapibye9DFF71B3",
        "DeaRestApiConstructdeaapicasescaseIdDELETEE13D0EAA",
        "DeaRestApiConstructdeaapicasescaseIdPUTDAF01FBF",
        "DeaRestApiConstructdeaapicasescaseId5919A5AE",
        "DeaRestApiConstructdeaapicasescaseIduserMembershipsPOST84A13ED4",
        "DeaRestApiConstructdeaapicasescaseIduserMembershipsD5C1FDF3",
        "DeaRestApiConstructdeaapicasesGETDB7D2E68",
        "DeaRestApiConstructdeaapicasesPOST0A7C65AB",
        "DeaRestApiConstructdeaapicasesC2FD1C2B",
        "DeaRestApiConstructdeaapihiGETDB467AC2",
        "DeaRestApiConstructdeaapihi7D1B234E",
      ],
      "Properties": Object {
        "Description": "Backend API",
        "RestApiId": Object {
          "Ref": "DeaRestApiConstructdeaapi6587DDA1",
        },
      },
      "Type": "AWS::ApiGateway::Deployment",
    },
    "DeaRestApiConstructdeaapiDeploymentStagedevC806CC04": Object {
      "DependsOn": Array [
        "DeaRestApiConstructdeaapiAccount1E82C2B3",
      ],
      "Properties": Object {
        "AccessLogSetting": Object {
          "DestinationArn": Object {
            "Fn::GetAtt": Array [
              "DeaRestApiConstructAPIGatewayAccessLogs56D13F5D",
              "Arn",
            ],
          },
          "Format": "{\\"stage\\":\\"$context.stage\\",\\"requestId\\":\\"$context.requestId\\",\\"integrationRequestId\\":\\"$context.integration.requestId\\",\\"status\\":\\"$context.status\\",\\"apiId\\":\\"$context.apiId\\",\\"resourcePath\\":\\"$context.resourcePath\\",\\"path\\":\\"$context.path\\",\\"resourceId\\":\\"$context.resourceId\\",\\"httpMethod\\":\\"$context.httpMethod\\",\\"sourceIp\\":\\"$context.identity.sourceIp\\",\\"userAgent\\":\\"$context.identity.userAgent\\"}",
        },
        "DeploymentId": Object {
          "Ref": "DeaRestApiConstructdeaapiDeploymentC27C6CB10272f986b488d620afc8118c6ab10f45",
        },
        "RestApiId": Object {
          "Ref": "DeaRestApiConstructdeaapi6587DDA1",
        },
        "StageName": "dev",
      },
      "Type": "AWS::ApiGateway::Stage",
    },
    "DeaRestApiConstructdeaapibye9DFF71B3": Object {
      "Properties": Object {
        "ParentId": Object {
          "Fn::GetAtt": Array [
            "DeaRestApiConstructdeaapi6587DDA1",
            "RootResourceId",
          ],
        },
        "PathPart": "bye",
        "RestApiId": Object {
          "Ref": "DeaRestApiConstructdeaapi6587DDA1",
        },
      },
      "Type": "AWS::ApiGateway::Resource",
    },
    "DeaRestApiConstructdeaapibyeGET3BEB4A0A": Object {
      "Properties": Object {
        "AuthorizationType": "CUSTOM",
        "AuthorizerId": Object {
          "Ref": "DeaRestApiConstructCustomTokenAuthorizer1525075A",
        },
        "HttpMethod": "GET",
        "Integration": Object {
          "IntegrationHttpMethod": "POST",
          "Type": "AWS_PROXY",
          "Uri": Object {
            "Fn::Join": Array [
              "",
              Array [
                "arn:",
                Object {
                  "Ref": "AWS::Partition",
                },
                ":apigateway:",
                Object {
                  "Ref": "AWS::Region",
                },
                ":lambda:path/2015-03-31/functions/",
                Object {
                  "Fn::GetAtt": Array [
                    "DeaRestApiConstructGETbyeD5063377",
                    "Arn",
                  ],
                },
                "/invocations",
              ],
            ],
          },
        },
        "ResourceId": Object {
          "Ref": "DeaRestApiConstructdeaapibye9DFF71B3",
        },
        "RestApiId": Object {
          "Ref": "DeaRestApiConstructdeaapi6587DDA1",
        },
      },
      "Type": "AWS::ApiGateway::Method",
    },
    "DeaRestApiConstructdeaapibyeGETApiPermissionTestteststackDeaRestApiConstructdeaapi96FE45F4GETbyeB5A3F6C1": Object {
      "Properties": Object {
        "Action": "lambda:InvokeFunction",
        "FunctionName": Object {
          "Fn::GetAtt": Array [
            "DeaRestApiConstructGETbyeD5063377",
            "Arn",
          ],
        },
        "Principal": "apigateway.amazonaws.com",
        "SourceArn": Object {
          "Fn::Join": Array [
            "",
            Array [
              "arn:",
              Object {
                "Ref": "AWS::Partition",
              },
              ":execute-api:",
              Object {
                "Ref": "AWS::Region",
              },
              ":",
              Object {
                "Ref": "AWS::AccountId",
              },
              ":",
              Object {
                "Ref": "DeaRestApiConstructdeaapi6587DDA1",
              },
              "/test-invoke-stage/GET/bye",
            ],
          ],
        },
      },
      "Type": "AWS::Lambda::Permission",
    },
    "DeaRestApiConstructdeaapibyeGETApiPermissionteststackDeaRestApiConstructdeaapi96FE45F4GETbyeCB20EC60": Object {
      "Properties": Object {
        "Action": "lambda:InvokeFunction",
        "FunctionName": Object {
          "Fn::GetAtt": Array [
            "DeaRestApiConstructGETbyeD5063377",
            "Arn",
          ],
        },
        "Principal": "apigateway.amazonaws.com",
        "SourceArn": Object {
          "Fn::Join": Array [
            "",
            Array [
              "arn:",
              Object {
                "Ref": "AWS::Partition",
              },
              ":execute-api:",
              Object {
                "Ref": "AWS::Region",
              },
              ":",
              Object {
                "Ref": "AWS::AccountId",
              },
              ":",
              Object {
                "Ref": "DeaRestApiConstructdeaapi6587DDA1",
              },
              "/",
              Object {
                "Ref": "DeaRestApiConstructdeaapiDeploymentStagedevC806CC04",
              },
              "/GET/bye",
            ],
          ],
        },
      },
      "Type": "AWS::Lambda::Permission",
    },
    "DeaRestApiConstructdeaapicasesC2FD1C2B": Object {
      "Properties": Object {
        "ParentId": Object {
          "Fn::GetAtt": Array [
            "DeaRestApiConstructdeaapi6587DDA1",
            "RootResourceId",
          ],
        },
        "PathPart": "cases",
        "RestApiId": Object {
          "Ref": "DeaRestApiConstructdeaapi6587DDA1",
        },
      },
      "Type": "AWS::ApiGateway::Resource",
    },
    "DeaRestApiConstructdeaapicasesGETApiPermissionTestteststackDeaRestApiConstructdeaapi96FE45F4GETcases3362001A": Object {
      "Properties": Object {
        "Action": "lambda:InvokeFunction",
        "FunctionName": Object {
          "Fn::GetAtt": Array [
            "DeaRestApiConstructGETcases055F507D",
            "Arn",
          ],
        },
        "Principal": "apigateway.amazonaws.com",
        "SourceArn": Object {
          "Fn::Join": Array [
            "",
            Array [
              "arn:",
              Object {
                "Ref": "AWS::Partition",
              },
              ":execute-api:",
              Object {
                "Ref": "AWS::Region",
              },
              ":",
              Object {
                "Ref": "AWS::AccountId",
              },
              ":",
              Object {
                "Ref": "DeaRestApiConstructdeaapi6587DDA1",
              },
              "/test-invoke-stage/GET/cases",
            ],
          ],
        },
      },
      "Type": "AWS::Lambda::Permission",
    },
    "DeaRestApiConstructdeaapicasesGETApiPermissionteststackDeaRestApiConstructdeaapi96FE45F4GETcasesC33FCD6D": Object {
      "Properties": Object {
        "Action": "lambda:InvokeFunction",
        "FunctionName": Object {
          "Fn::GetAtt": Array [
            "DeaRestApiConstructGETcases055F507D",
            "Arn",
          ],
        },
        "Principal": "apigateway.amazonaws.com",
        "SourceArn": Object {
          "Fn::Join": Array [
            "",
            Array [
              "arn:",
              Object {
                "Ref": "AWS::Partition",
              },
              ":execute-api:",
              Object {
                "Ref": "AWS::Region",
              },
              ":",
              Object {
                "Ref": "AWS::AccountId",
              },
              ":",
              Object {
                "Ref": "DeaRestApiConstructdeaapi6587DDA1",
              },
              "/",
              Object {
                "Ref": "DeaRestApiConstructdeaapiDeploymentStagedevC806CC04",
              },
              "/GET/cases",
            ],
          ],
        },
      },
      "Type": "AWS::Lambda::Permission",
    },
    "DeaRestApiConstructdeaapicasesGETDB7D2E68": Object {
      "Properties": Object {
        "AuthorizationType": "CUSTOM",
        "AuthorizerId": Object {
          "Ref": "DeaRestApiConstructCustomTokenAuthorizer1525075A",
        },
        "HttpMethod": "GET",
        "Integration": Object {
          "IntegrationHttpMethod": "POST",
          "RequestParameters": Object {
            "integration.request.querystring.limit": "method.request.querystring.limit",
            "integration.request.querystring.next": "method.request.querystring.next",
          },
          "Type": "AWS_PROXY",
          "Uri": Object {
            "Fn::Join": Array [
              "",
              Array [
                "arn:",
                Object {
                  "Ref": "AWS::Partition",
                },
                ":apigateway:",
                Object {
                  "Ref": "AWS::Region",
                },
                ":lambda:path/2015-03-31/functions/",
                Object {
                  "Fn::GetAtt": Array [
                    "DeaRestApiConstructGETcases055F507D",
                    "Arn",
                  ],
                },
                "/invocations",
              ],
            ],
          },
        },
        "RequestParameters": Object {
          "method.request.querystring.limit": false,
          "method.request.querystring.next": false,
        },
        "ResourceId": Object {
          "Ref": "DeaRestApiConstructdeaapicasesC2FD1C2B",
        },
        "RestApiId": Object {
          "Ref": "DeaRestApiConstructdeaapi6587DDA1",
        },
      },
      "Type": "AWS::ApiGateway::Method",
    },
    "DeaRestApiConstructdeaapicasesPOST0A7C65AB": Object {
      "Properties": Object {
        "AuthorizationType": "CUSTOM",
        "AuthorizerId": Object {
          "Ref": "DeaRestApiConstructCustomTokenAuthorizer1525075A",
        },
        "HttpMethod": "POST",
        "Integration": Object {
          "IntegrationHttpMethod": "POST",
          "Type": "AWS_PROXY",
          "Uri": Object {
            "Fn::Join": Array [
              "",
              Array [
                "arn:",
                Object {
                  "Ref": "AWS::Partition",
                },
                ":apigateway:",
                Object {
                  "Ref": "AWS::Region",
                },
                ":lambda:path/2015-03-31/functions/",
                Object {
                  "Fn::GetAtt": Array [
                    "DeaRestApiConstructPOSTcases71FC396B",
                    "Arn",
                  ],
                },
                "/invocations",
              ],
            ],
          },
        },
        "ResourceId": Object {
          "Ref": "DeaRestApiConstructdeaapicasesC2FD1C2B",
        },
        "RestApiId": Object {
          "Ref": "DeaRestApiConstructdeaapi6587DDA1",
        },
      },
      "Type": "AWS::ApiGateway::Method",
    },
    "DeaRestApiConstructdeaapicasesPOSTApiPermissionTestteststackDeaRestApiConstructdeaapi96FE45F4POSTcasesB76BA281": Object {
      "Properties": Object {
        "Action": "lambda:InvokeFunction",
        "FunctionName": Object {
          "Fn::GetAtt": Array [
            "DeaRestApiConstructPOSTcases71FC396B",
            "Arn",
          ],
        },
        "Principal": "apigateway.amazonaws.com",
        "SourceArn": Object {
          "Fn::Join": Array [
            "",
            Array [
              "arn:",
              Object {
                "Ref": "AWS::Partition",
              },
              ":execute-api:",
              Object {
                "Ref": "AWS::Region",
              },
              ":",
              Object {
                "Ref": "AWS::AccountId",
              },
              ":",
              Object {
                "Ref": "DeaRestApiConstructdeaapi6587DDA1",
              },
              "/test-invoke-stage/POST/cases",
            ],
          ],
        },
      },
      "Type": "AWS::Lambda::Permission",
    },
    "DeaRestApiConstructdeaapicasesPOSTApiPermissionteststackDeaRestApiConstructdeaapi96FE45F4POSTcases9AE2A82E": Object {
      "Properties": Object {
        "Action": "lambda:InvokeFunction",
        "FunctionName": Object {
          "Fn::GetAtt": Array [
            "DeaRestApiConstructPOSTcases71FC396B",
            "Arn",
          ],
        },
        "Principal": "apigateway.amazonaws.com",
        "SourceArn": Object {
          "Fn::Join": Array [
            "",
            Array [
              "arn:",
              Object {
                "Ref": "AWS::Partition",
              },
              ":execute-api:",
              Object {
                "Ref": "AWS::Region",
              },
              ":",
              Object {
                "Ref": "AWS::AccountId",
              },
              ":",
              Object {
                "Ref": "DeaRestApiConstructdeaapi6587DDA1",
              },
              "/",
              Object {
                "Ref": "DeaRestApiConstructdeaapiDeploymentStagedevC806CC04",
              },
              "/POST/cases",
            ],
          ],
        },
      },
      "Type": "AWS::Lambda::Permission",
    },
    "DeaRestApiConstructdeaapicasescaseId5919A5AE": Object {
      "Properties": Object {
        "ParentId": Object {
          "Ref": "DeaRestApiConstructdeaapicasesC2FD1C2B",
        },
        "PathPart": "{caseId}",
        "RestApiId": Object {
          "Ref": "DeaRestApiConstructdeaapi6587DDA1",
        },
      },
      "Type": "AWS::ApiGateway::Resource",
    },
    "DeaRestApiConstructdeaapicasescaseIdDELETEApiPermissionTestteststackDeaRestApiConstructdeaapi96FE45F4DELETEcasescaseIdF0BFC230": Object {
      "Properties": Object {
        "Action": "lambda:InvokeFunction",
        "FunctionName": Object {
          "Fn::GetAtt": Array [
            "DeaRestApiConstructDELETEcaseIdE0E7560F",
            "Arn",
          ],
        },
        "Principal": "apigateway.amazonaws.com",
        "SourceArn": Object {
          "Fn::Join": Array [
            "",
            Array [
              "arn:",
              Object {
                "Ref": "AWS::Partition",
              },
              ":execute-api:",
              Object {
                "Ref": "AWS::Region",
              },
              ":",
              Object {
                "Ref": "AWS::AccountId",
              },
              ":",
              Object {
                "Ref": "DeaRestApiConstructdeaapi6587DDA1",
              },
              "/test-invoke-stage/DELETE/cases/*",
            ],
          ],
        },
      },
      "Type": "AWS::Lambda::Permission",
    },
    "DeaRestApiConstructdeaapicasescaseIdDELETEApiPermissionteststackDeaRestApiConstructdeaapi96FE45F4DELETEcasescaseId683887F7": Object {
      "Properties": Object {
        "Action": "lambda:InvokeFunction",
        "FunctionName": Object {
          "Fn::GetAtt": Array [
            "DeaRestApiConstructDELETEcaseIdE0E7560F",
            "Arn",
          ],
        },
        "Principal": "apigateway.amazonaws.com",
        "SourceArn": Object {
          "Fn::Join": Array [
            "",
            Array [
              "arn:",
              Object {
                "Ref": "AWS::Partition",
              },
              ":execute-api:",
              Object {
                "Ref": "AWS::Region",
              },
              ":",
              Object {
                "Ref": "AWS::AccountId",
              },
              ":",
              Object {
                "Ref": "DeaRestApiConstructdeaapi6587DDA1",
              },
              "/",
              Object {
                "Ref": "DeaRestApiConstructdeaapiDeploymentStagedevC806CC04",
              },
              "/DELETE/cases/*",
            ],
          ],
        },
      },
      "Type": "AWS::Lambda::Permission",
    },
    "DeaRestApiConstructdeaapicasescaseIdDELETEE13D0EAA": Object {
      "Properties": Object {
        "AuthorizationType": "CUSTOM",
        "AuthorizerId": Object {
          "Ref": "DeaRestApiConstructCustomTokenAuthorizer1525075A",
        },
        "HttpMethod": "DELETE",
        "Integration": Object {
          "IntegrationHttpMethod": "POST",
          "Type": "AWS_PROXY",
          "Uri": Object {
            "Fn::Join": Array [
              "",
              Array [
                "arn:",
                Object {
                  "Ref": "AWS::Partition",
                },
                ":apigateway:",
                Object {
                  "Ref": "AWS::Region",
                },
                ":lambda:path/2015-03-31/functions/",
                Object {
                  "Fn::GetAtt": Array [
                    "DeaRestApiConstructDELETEcaseIdE0E7560F",
                    "Arn",
                  ],
                },
                "/invocations",
              ],
            ],
          },
        },
        "ResourceId": Object {
          "Ref": "DeaRestApiConstructdeaapicasescaseId5919A5AE",
        },
        "RestApiId": Object {
          "Ref": "DeaRestApiConstructdeaapi6587DDA1",
        },
      },
      "Type": "AWS::ApiGateway::Method",
    },
    "DeaRestApiConstructdeaapicasescaseIdPUTApiPermissionTestteststackDeaRestApiConstructdeaapi96FE45F4PUTcasescaseId37A77CC0": Object {
      "Properties": Object {
        "Action": "lambda:InvokeFunction",
        "FunctionName": Object {
          "Fn::GetAtt": Array [
            "DeaRestApiConstructPUTcaseId804DFA77",
            "Arn",
          ],
        },
        "Principal": "apigateway.amazonaws.com",
        "SourceArn": Object {
          "Fn::Join": Array [
            "",
            Array [
              "arn:",
              Object {
                "Ref": "AWS::Partition",
              },
              ":execute-api:",
              Object {
                "Ref": "AWS::Region",
              },
              ":",
              Object {
                "Ref": "AWS::AccountId",
              },
              ":",
              Object {
                "Ref": "DeaRestApiConstructdeaapi6587DDA1",
              },
              "/test-invoke-stage/PUT/cases/*",
            ],
          ],
        },
      },
      "Type": "AWS::Lambda::Permission",
    },
    "DeaRestApiConstructdeaapicasescaseIdPUTApiPermissionteststackDeaRestApiConstructdeaapi96FE45F4PUTcasescaseId6D37C013": Object {
      "Properties": Object {
        "Action": "lambda:InvokeFunction",
        "FunctionName": Object {
          "Fn::GetAtt": Array [
            "DeaRestApiConstructPUTcaseId804DFA77",
            "Arn",
          ],
        },
        "Principal": "apigateway.amazonaws.com",
        "SourceArn": Object {
          "Fn::Join": Array [
            "",
            Array [
              "arn:",
              Object {
                "Ref": "AWS::Partition",
              },
              ":execute-api:",
              Object {
                "Ref": "AWS::Region",
              },
              ":",
              Object {
                "Ref": "AWS::AccountId",
              },
              ":",
              Object {
                "Ref": "DeaRestApiConstructdeaapi6587DDA1",
              },
              "/",
              Object {
                "Ref": "DeaRestApiConstructdeaapiDeploymentStagedevC806CC04",
              },
              "/PUT/cases/*",
            ],
          ],
        },
      },
      "Type": "AWS::Lambda::Permission",
    },
    "DeaRestApiConstructdeaapicasescaseIdPUTDAF01FBF": Object {
      "Properties": Object {
        "AuthorizationType": "CUSTOM",
        "AuthorizerId": Object {
          "Ref": "DeaRestApiConstructCustomTokenAuthorizer1525075A",
        },
        "HttpMethod": "PUT",
        "Integration": Object {
          "IntegrationHttpMethod": "POST",
          "Type": "AWS_PROXY",
          "Uri": Object {
            "Fn::Join": Array [
              "",
              Array [
                "arn:",
                Object {
                  "Ref": "AWS::Partition",
                },
                ":apigateway:",
                Object {
                  "Ref": "AWS::Region",
                },
                ":lambda:path/2015-03-31/functions/",
                Object {
                  "Fn::GetAtt": Array [
                    "DeaRestApiConstructPUTcaseId804DFA77",
                    "Arn",
                  ],
                },
                "/invocations",
              ],
            ],
          },
        },
        "ResourceId": Object {
          "Ref": "DeaRestApiConstructdeaapicasescaseId5919A5AE",
        },
        "RestApiId": Object {
          "Ref": "DeaRestApiConstructdeaapi6587DDA1",
        },
      },
      "Type": "AWS::ApiGateway::Method",
    },
    "DeaRestApiConstructdeaapicasescaseIduserMembershipsD5C1FDF3": Object {
      "Properties": Object {
        "ParentId": Object {
          "Ref": "DeaRestApiConstructdeaapicasescaseId5919A5AE",
        },
        "PathPart": "userMemberships",
        "RestApiId": Object {
          "Ref": "DeaRestApiConstructdeaapi6587DDA1",
        },
      },
      "Type": "AWS::ApiGateway::Resource",
    },
    "DeaRestApiConstructdeaapicasescaseIduserMembershipsPOST84A13ED4": Object {
      "Properties": Object {
        "AuthorizationType": "CUSTOM",
        "AuthorizerId": Object {
          "Ref": "DeaRestApiConstructCustomTokenAuthorizer1525075A",
        },
        "HttpMethod": "POST",
        "Integration": Object {
          "IntegrationHttpMethod": "POST",
          "Type": "AWS_PROXY",
          "Uri": Object {
            "Fn::Join": Array [
              "",
              Array [
                "arn:",
                Object {
                  "Ref": "AWS::Partition",
                },
                ":apigateway:",
                Object {
                  "Ref": "AWS::Region",
                },
                ":lambda:path/2015-03-31/functions/",
                Object {
                  "Fn::GetAtt": Array [
                    "DeaRestApiConstructPOSTuserMembershipsA9A79B32",
                    "Arn",
                  ],
                },
                "/invocations",
              ],
            ],
          },
        },
        "ResourceId": Object {
          "Ref": "DeaRestApiConstructdeaapicasescaseIduserMembershipsD5C1FDF3",
        },
        "RestApiId": Object {
          "Ref": "DeaRestApiConstructdeaapi6587DDA1",
        },
      },
      "Type": "AWS::ApiGateway::Method",
    },
    "DeaRestApiConstructdeaapicasescaseIduserMembershipsPOSTApiPermissionTestteststackDeaRestApiConstructdeaapi96FE45F4POSTcasescaseIduserMembershipsBD47C55D": Object {
      "Properties": Object {
        "Action": "lambda:InvokeFunction",
        "FunctionName": Object {
          "Fn::GetAtt": Array [
            "DeaRestApiConstructPOSTuserMembershipsA9A79B32",
            "Arn",
          ],
        },
        "Principal": "apigateway.amazonaws.com",
        "SourceArn": Object {
          "Fn::Join": Array [
            "",
            Array [
              "arn:",
              Object {
                "Ref": "AWS::Partition",
              },
              ":execute-api:",
              Object {
                "Ref": "AWS::Region",
              },
              ":",
              Object {
                "Ref": "AWS::AccountId",
              },
              ":",
              Object {
                "Ref": "DeaRestApiConstructdeaapi6587DDA1",
              },
              "/test-invoke-stage/POST/cases/*/userMemberships",
            ],
          ],
        },
      },
      "Type": "AWS::Lambda::Permission",
    },
    "DeaRestApiConstructdeaapicasescaseIduserMembershipsPOSTApiPermissionteststackDeaRestApiConstructdeaapi96FE45F4POSTcasescaseIduserMemberships7500E258": Object {
      "Properties": Object {
        "Action": "lambda:InvokeFunction",
        "FunctionName": Object {
          "Fn::GetAtt": Array [
            "DeaRestApiConstructPOSTuserMembershipsA9A79B32",
            "Arn",
          ],
        },
        "Principal": "apigateway.amazonaws.com",
        "SourceArn": Object {
          "Fn::Join": Array [
            "",
            Array [
              "arn:",
              Object {
                "Ref": "AWS::Partition",
              },
              ":execute-api:",
              Object {
                "Ref": "AWS::Region",
              },
              ":",
              Object {
                "Ref": "AWS::AccountId",
              },
              ":",
              Object {
                "Ref": "DeaRestApiConstructdeaapi6587DDA1",
              },
              "/",
              Object {
                "Ref": "DeaRestApiConstructdeaapiDeploymentStagedevC806CC04",
              },
              "/POST/cases/*/userMemberships",
            ],
          ],
        },
      },
      "Type": "AWS::Lambda::Permission",
    },
    "DeaRestApiConstructdeaapihi7D1B234E": Object {
      "Properties": Object {
        "ParentId": Object {
          "Fn::GetAtt": Array [
            "DeaRestApiConstructdeaapi6587DDA1",
            "RootResourceId",
          ],
        },
        "PathPart": "hi",
        "RestApiId": Object {
          "Ref": "DeaRestApiConstructdeaapi6587DDA1",
        },
      },
      "Type": "AWS::ApiGateway::Resource",
    },
    "DeaRestApiConstructdeaapihiGETApiPermissionTestteststackDeaRestApiConstructdeaapi96FE45F4GEThi9F62F9B4": Object {
      "Properties": Object {
        "Action": "lambda:InvokeFunction",
        "FunctionName": Object {
          "Fn::GetAtt": Array [
            "DeaRestApiConstructGEThi76A71F55",
            "Arn",
          ],
        },
        "Principal": "apigateway.amazonaws.com",
        "SourceArn": Object {
          "Fn::Join": Array [
            "",
            Array [
              "arn:",
              Object {
                "Ref": "AWS::Partition",
              },
              ":execute-api:",
              Object {
                "Ref": "AWS::Region",
              },
              ":",
              Object {
                "Ref": "AWS::AccountId",
              },
              ":",
              Object {
                "Ref": "DeaRestApiConstructdeaapi6587DDA1",
              },
              "/test-invoke-stage/GET/hi",
            ],
          ],
        },
      },
      "Type": "AWS::Lambda::Permission",
    },
    "DeaRestApiConstructdeaapihiGETApiPermissionteststackDeaRestApiConstructdeaapi96FE45F4GEThi771DF2AF": Object {
      "Properties": Object {
        "Action": "lambda:InvokeFunction",
        "FunctionName": Object {
          "Fn::GetAtt": Array [
            "DeaRestApiConstructGEThi76A71F55",
            "Arn",
          ],
        },
        "Principal": "apigateway.amazonaws.com",
        "SourceArn": Object {
          "Fn::Join": Array [
            "",
            Array [
              "arn:",
              Object {
                "Ref": "AWS::Partition",
              },
              ":execute-api:",
              Object {
                "Ref": "AWS::Region",
              },
              ":",
              Object {
                "Ref": "AWS::AccountId",
              },
              ":",
              Object {
                "Ref": "DeaRestApiConstructdeaapi6587DDA1",
              },
              "/",
              Object {
                "Ref": "DeaRestApiConstructdeaapiDeploymentStagedevC806CC04",
              },
              "/GET/hi",
            ],
          ],
        },
      },
      "Type": "AWS::Lambda::Permission",
    },
    "DeaRestApiConstructdeaapihiGETDB467AC2": Object {
      "Properties": Object {
        "AuthorizationType": "CUSTOM",
        "AuthorizerId": Object {
          "Ref": "DeaRestApiConstructCustomTokenAuthorizer1525075A",
        },
        "HttpMethod": "GET",
        "Integration": Object {
          "IntegrationHttpMethod": "POST",
          "Type": "AWS_PROXY",
          "Uri": Object {
            "Fn::Join": Array [
              "",
              Array [
                "arn:",
                Object {
                  "Ref": "AWS::Partition",
                },
                ":apigateway:",
                Object {
                  "Ref": "AWS::Region",
                },
                ":lambda:path/2015-03-31/functions/",
                Object {
                  "Fn::GetAtt": Array [
                    "DeaRestApiConstructGEThi76A71F55",
                    "Arn",
                  ],
                },
                "/invocations",
              ],
            ],
          },
        },
        "ResourceId": Object {
          "Ref": "DeaRestApiConstructdeaapihi7D1B234E",
        },
        "RestApiId": Object {
          "Ref": "DeaRestApiConstructdeaapi6587DDA1",
        },
      },
      "Type": "AWS::ApiGateway::Method",
    },
    "DeaRestApiConstructdeabaselambdarole9EA2B06B": Object {
      "Properties": Object {
        "AssumeRolePolicyDocument": Object {
          "Statement": Array [
            Object {
              "Action": "sts:AssumeRole",
              "Effect": "Allow",
              "Principal": Object {
                "Service": "lambda.amazonaws.com",
              },
            },
          ],
          "Version": "2012-10-17",
        },
        "ManagedPolicyArns": Array [
          Object {
            "Fn::Join": Array [
              "",
              Array [
                "arn:",
                Object {
                  "Ref": "AWS::Partition",
                },
                ":iam::aws:policy/service-role/AWSLambdaBasicExecutionRole",
              ],
            ],
          },
        ],
      },
      "Type": "AWS::IAM::Role",
    },
    "DeaRestApiConstructdeabaselambdaroleDefaultPolicy8449FBB9": Object {
      "Properties": Object {
        "PolicyDocument": Object {
          "Statement": Array [
            Object {
              "Action": Array [
                "dynamodb:GetItem",
                "dynamodb:DeleteItem",
                "dynamodb:BatchGetItem",
                "dynamodb:BatchWriteItem",
                "dynamodb:PutItem",
                "dynamodb:Query",
                "dynamodb:UpdateItem",
              ],
              "Effect": "Allow",
              "Resource": Array [
                Object {
                  "Fn::GetAtt": Array [
                    "DeaBackendStackDeaTableE9FE4A05",
                    "Arn",
                  ],
                },
                Object {
                  "Fn::Join": Array [
                    "",
                    Array [
                      Object {
                        "Fn::GetAtt": Array [
                          "DeaBackendStackDeaTableE9FE4A05",
                          "Arn",
                        ],
                      },
                      "/index/GSI1",
                    ],
                  ],
                },
                Object {
                  "Fn::Join": Array [
                    "",
                    Array [
                      Object {
                        "Fn::GetAtt": Array [
                          "DeaBackendStackDeaTableE9FE4A05",
                          "Arn",
                        ],
                      },
                      "/index/GSI2",
                    ],
                  ],
                },
              ],
            },
            Object {
              "Action": Array [
                "kms:Encrypt",
                "kms:Decrypt",
              ],
              "Effect": "Allow",
              "Resource": Object {
                "Fn::GetAtt": Array [
                  "testKey1CDDDD5E",
                  "Arn",
                ],
              },
            },
          ],
          "Version": "2012-10-17",
        },
        "PolicyName": "DeaRestApiConstructdeabaselambdaroleDefaultPolicy8449FBB9",
        "Roles": Array [
          Object {
            "Ref": "DeaRestApiConstructdeabaselambdarole9EA2B06B",
          },
        ],
      },
      "Type": "AWS::IAM::Policy",
    },
    "testKey1CDDDD5E": Object {
      "DeletionPolicy": "Delete",
      "Properties": Object {
        "EnableKeyRotation": true,
        "KeyPolicy": Object {
          "Statement": Array [
            Object {
              "Action": "kms:*",
              "Effect": "Allow",
              "Principal": Object {
                "AWS": Object {
                  "Fn::Join": Array [
                    "",
                    Array [
                      "arn:",
                      Object {
                        "Ref": "AWS::Partition",
                      },
                      ":iam::",
                      Object {
                        "Ref": "AWS::AccountId",
                      },
                      ":root",
                    ],
                  ],
                },
              },
              "Resource": "*",
            },
          ],
          "Version": "2012-10-17",
        },
        "PendingWindowInDays": 7,
      },
      "Type": "AWS::KMS::Key",
      "UpdateReplacePolicy": "Delete",
    },
  },
  "Rules": Object {
    "CheckBootstrapVersion": Object {
      "Assertions": Array [
        Object {
          "Assert": Object {
            "Fn::Not": Array [
              Object {
                "Fn::Contains": Array [
                  Array [
                    "1",
                    "2",
                    "3",
                    "4",
                    "5",
                  ],
                  Object {
                    "Ref": "BootstrapVersion",
                  },
                ],
              },
            ],
          },
          "AssertDescription": "CDK bootstrap stack version 6 required. Please run 'cdk bootstrap' with a recent version of the CDK CLI.",
        },
      ],
    },
  },
}
`;
